// Vitest Snapshot v1, https://vitest.dev/guide/snapshot.html

exports[`job-timeline snapshot — realistic 2-storey plot > matches the canonical output for the fixture 1`] = `
{
  "jobs": [
    {
      "actual": {
        "durationDays": 24,
        "end": "2026-06-05",
        "offsetFromStart": 0,
        "start": "2026-05-04",
      },
      "id": "p-foundation",
      "isLeaf": false,
      "name": "Foundation",
      "original": {
        "durationDays": 19,
        "end": "2026-05-29",
        "offsetFromStart": 0,
        "start": "2026-05-04",
      },
      "parentStage": null,
      "planned": {
        "durationDays": 24,
        "end": "2026-06-05",
        "offsetFromStart": 0,
        "start": "2026-05-04",
      },
      "sortOrder": 100,
      "status": "COMPLETED",
    },
    {
      "actual": {
        "durationDays": 14,
        "end": "2026-05-22",
        "offsetFromStart": 0,
        "start": "2026-05-04",
      },
      "id": "c-dig",
      "isLeaf": true,
      "name": "Dig & pour",
      "original": {
        "durationDays": 9,
        "end": "2026-05-15",
        "offsetFromStart": 0,
        "start": "2026-05-04",
      },
      "parentStage": "Foundation",
      "planned": {
        "durationDays": 14,
        "end": "2026-05-22",
        "offsetFromStart": 0,
        "start": "2026-05-04",
      },
      "sortOrder": 101,
      "status": "COMPLETED",
    },
    {
      "actual": {
        "durationDays": 3,
        "end": "2026-05-28",
        "offsetFromStart": 15,
        "start": "2026-05-25",
      },
      "id": "c-drainage",
      "isLeaf": true,
      "name": "Drainage",
      "original": {
        "durationDays": 3,
        "end": "2026-05-21",
        "offsetFromStart": 10,
        "start": "2026-05-18",
      },
      "parentStage": "Foundation",
      "planned": {
        "durationDays": 3,
        "end": "2026-05-28",
        "offsetFromStart": 15,
        "start": "2026-05-25",
      },
      "sortOrder": 102,
      "status": "COMPLETED",
    },
    {
      "actual": {
        "durationDays": 1,
        "end": "2026-05-29",
        "offsetFromStart": 19,
        "start": "2026-05-29",
      },
      "id": "c-spantherm",
      "isLeaf": true,
      "name": "Spantherm",
      "original": {
        "durationDays": 1,
        "end": "2026-05-22",
        "offsetFromStart": 14,
        "start": "2026-05-22",
      },
      "parentStage": "Foundation",
      "planned": {
        "durationDays": 1,
        "end": "2026-05-29",
        "offsetFromStart": 19,
        "start": "2026-05-29",
      },
      "sortOrder": 103,
      "status": "COMPLETED",
    },
    {
      "actual": {
        "durationDays": 1,
        "end": "2026-06-01",
        "offsetFromStart": 20,
        "start": "2026-06-01",
      },
      "id": "c-slab",
      "isLeaf": true,
      "name": "Concrete slab",
      "original": {
        "durationDays": 1,
        "end": "2026-05-25",
        "offsetFromStart": 15,
        "start": "2026-05-25",
      },
      "parentStage": "Foundation",
      "planned": {
        "durationDays": 1,
        "end": "2026-06-01",
        "offsetFromStart": 20,
        "start": "2026-06-01",
      },
      "sortOrder": 104,
      "status": "COMPLETED",
    },
    {
      "actual": {
        "durationDays": 1,
        "end": "2026-06-05",
        "offsetFromStart": 23,
        "start": "2026-06-04",
      },
      "id": "c-final",
      "isLeaf": true,
      "name": "Final",
      "original": {
        "durationDays": 1,
        "end": "2026-05-29",
        "offsetFromStart": 18,
        "start": "2026-05-28",
      },
      "parentStage": "Foundation",
      "planned": {
        "durationDays": 1,
        "end": "2026-06-05",
        "offsetFromStart": 23,
        "start": "2026-06-04",
      },
      "sortOrder": 105,
      "status": "COMPLETED",
    },
    {
      "actual": {
        "durationDays": null,
        "end": null,
        "offsetFromStart": 25,
        "start": "2026-06-08",
      },
      "id": "p-super",
      "isLeaf": false,
      "name": "Superstructure",
      "original": {
        "durationDays": 49,
        "end": "2026-08-07",
        "offsetFromStart": 20,
        "start": "2026-06-01",
      },
      "parentStage": null,
      "planned": {
        "durationDays": 49,
        "end": "2026-08-14",
        "offsetFromStart": 25,
        "start": "2026-06-08",
      },
      "sortOrder": 200,
      "status": "IN_PROGRESS",
    },
    {
      "actual": {
        "durationDays": null,
        "end": null,
        "offsetFromStart": 25,
        "start": "2026-06-08",
      },
      "id": "c-brick1",
      "isLeaf": true,
      "name": "Brickwork 1st lift",
      "original": {
        "durationDays": 2,
        "end": "2026-06-03",
        "offsetFromStart": 20,
        "start": "2026-06-01",
      },
      "parentStage": "Superstructure",
      "planned": {
        "durationDays": 2,
        "end": "2026-06-10",
        "offsetFromStart": 25,
        "start": "2026-06-08",
      },
      "sortOrder": 201,
      "status": "IN_PROGRESS",
    },
    {
      "actual": null,
      "id": "c-scaff1",
      "isLeaf": true,
      "name": "Scaff 1st",
      "original": {
        "durationDays": 1,
        "end": "2026-06-04",
        "offsetFromStart": 23,
        "start": "2026-06-04",
      },
      "parentStage": "Superstructure",
      "planned": {
        "durationDays": 1,
        "end": "2026-06-11",
        "offsetFromStart": 28,
        "start": "2026-06-11",
      },
      "sortOrder": 202,
      "status": "NOT_STARTED",
    },
    {
      "actual": null,
      "id": "atom-handover",
      "isLeaf": true,
      "name": "Handover",
      "original": {
        "durationDays": 4,
        "end": "2026-08-14",
        "offsetFromStart": 70,
        "start": "2026-08-10",
      },
      "parentStage": null,
      "planned": {
        "durationDays": 4,
        "end": "2026-08-21",
        "offsetFromStart": 75,
        "start": "2026-08-17",
      },
      "sortOrder": 900,
      "status": "NOT_STARTED",
    },
  ],
  "plotEnd": "2026-08-21",
  "plotStart": "2026-05-04",
  "totalWorkingDays": 79,
}
`;
